---
source: keyvalues-serde/tests/malformed.rs
assertion_line: 28
expression: err.to_string()

---
EOF while parsing key or value
