---
source: keyvalues-serde/tests/special_cases.rs
expression: "std::str::from_utf8(&buf)?"
---
"Container"
{
	"inner"	"123"
}

