---
source: keyvalues-serde/tests/tests.rs
expression: vdf_text

---
"Container"
{
	"inner"	"123"
}

