---
source: keyvalues-parser/src/text/tests.rs
assertion_line: 23
expression: rendered

---
"Outer Key"
{
	"Seq Key"	"Str Val"
	"Seq Key"
	{
	}
}

