---
source: keyvalues-parser/src/text/tests.rs
assertion_line: 31
expression: vdf

---
Vdf(
  key: "Some\\text\\here",
  value: Obj(Obj({
    "more\\text\\here": [
      Str("and\\here"),
    ],
  })),
)
