---
source: keyvalues-parser/src/text/tests.rs
expression: rendered

---
"OuterKey"
{
	"SequenceKey"	"SequenceVal"
	"SequenceKey"
	{
	}
}

