---
source: keyvalues-parser/src/text/tests.rs
expression: rendered

---
"Key"
{
}

