---
source: keyvalues-parser/src/text/tests.rs
assertion_line: 20
expression: vdf

---
Vdf(
  key: "OuterKey",
  value: Obj(Obj({
    "SequenceKey": [
      Str("SequenceVal"),
      Obj(Obj({})),
    ],
  })),
)
