---
source: keyvalues-parser/src/text/tests.rs
expression: vdf

---
Vdf(
  key: "Outer Key",
  value: Obj({
    "Seq Key": [
      Str("Str Val"),
      Obj({}),
    ],
  }),
)
