---
source: keyvalues-parser/src/text/tests.rs
assertion_line: 20
expression: vdf

---
Vdf(
  key: "Key",
  value: Obj(Obj({})),
)
