---
source: keyvalues-parser/src/text/tests.rs
assertion_line: 50
expression: rendered

---
#base "../some_file.pop"

"Key"
{
}

