---
source: keyvalues-parser/tests/text_parser/mod.rs
expression: rendered
---
"Some\text\here"
{
	"more\text\here"	"and\here"
}
