---
source: keyvalues-parser/tests/text_parser/mod.rs
expression: rendered
---
"OuterKey"
{
	"SequenceKey"	"SequenceVal"
	"SequenceKey"
	{
	}
}
