---
source: keyvalues-parser/tests/text_parser/mod.rs
expression: rendered
---
#base "../some_file.pop"

"Key"
{
}
