---
source: keyvalues-parser/tests/text_parser.rs
expression: "PartialVdfDef::from(vdf.clone())"
---
PartialVdfDef {
    key: "Key",
    value: Obj(
        ObjDef(
            {},
        ),
    ),
    bases: [
        "../some_file.pop",
    ],
}
