---
source: keyvalues-parser/tests/text_parser.rs
assertion_line: 94
expression: rendered

---
"OuterKey"
{
	"SequenceKey"	"SequenceVal"
	"SequenceKey"
	{
	}
}

