---
source: keyvalues-parser/tests/text_parser.rs
assertion_line: 94
expression: rendered

---
"Key"
{
}

