---
source: keyvalues-parser/tests/text_parser.rs
assertion_line: 127
expression: rendered

---
#base "../some_file.pop"

"Key"
{
}

