---
source: keyvalues-serde/tests/malformed/mod.rs
expression: err.to_string()
---
invalid length 1, expected a tuple of size 2
