---
source: keyvalues-serde/tests/malformed/mod.rs
expression: err.to_string()
---
Tokens remain after deserializing
