---
source: keyvalues-serde/tests/malformed/mod.rs
expression: err.to_string()
---
Expected a valid token for object start
