---
source: keyvalues-serde/tests/malformed/mod.rs
expression: err.to_string()
---
EOF while parsing key or value
