---
source: keyvalues-serde/tests/malformed/mod.rs
expression: err.to_string()
---
Tried parsing an invalid boolean
