---
source: keyvalues-serde/tests/malformed/mod.rs
expression: err.to_string()
---
Unexpected end of sequence
